// Jest Snapshot v1, https://goo.gl/fbAQLP

exports[`Page renders empty page 1`] = `
<div
  className="relative px-1"
>
  <div
    className="max-w-screen-xl mx-auto py-20 lg:py-24"
  >
    <div
      className="empty"
    >
      <div
        className="text-4xl sm:text-5xl font-black tracking-wide text-center !text-left"
      >
        Recipe Page
      </div>
      <div
        className="flex items-center flex-col mt-10"
      >
        <svg
          className="w-40 h-40"
        />
        <b
          className="text-xl mb-5"
        >
          The products you were looking for was not found
        </b>
        <button
          className="px-8 py-3 font-bold rounded bg-primary-500 text-gray-100 hocus:bg-primary-700 hocus:text-gray-200 focus:shadow-outline focus:outline-none transition duration-300 w-full sm:w-auto mt-6 sm:mt-0 sm:rounded-l-none py-4 bg-green-500 text-gray-100 hocus:bg-green-700 hocus:text-gray-300 border border-green-500 hocus:border-green-700"
          onClick={[Function]}
        >
          Home
        </button>
      </div>
    </div>
  </div>
  <svg
    className="pointer-events-none -z-20 absolute right-0 top-0 h-64 w-64 opacity-15 transform translate-x-2/3 -translate-y-12 text-pink-400"
  />
  <svg
    className="pointer-events-none -z-20 absolute left-0 bottom-0 h-80 w-80 opacity-15 transform -translate-x-2/3 text-primary-500"
  />
</div>
`;
